source: |
  .data:
      num tmp 0
  .text:

  loop: in tmp
      out_char tmp
  	jmp loop
  end: hlt
input: |
  Good news, everyone!

data:
- '0'
code:
- opcode: in
  addr: 0
  args:
  - 0
- opcode: out_char
  addr: 1
  args:
  - 0
- opcode: jmp
  addr: 2
  args:
  - 0
- opcode: hlt
  addr: 3
  args: []
output: |
  Good news, everyone!
